5
-1
1
-1
5
5
6
-6
6
17
-13
-13
11
-1
11
1
-11
1
13
13
17
17
7
7
-13
-13
-7
-7
-7
13
-13
-13
-13
30
30
30
29
29
107
107
107
-1
-1
-103
-103
-103
-103
47
47
47
41
41
-37
-37
-37
-37
29
29
47
47
47
47
47
41
41
37
37
37
-29
-29
-47
-47
-47
-47
-47
-41
-41
37
37
37
37
37
-29
-29
-3,-1
3
1
1,2
3,4
1,3
2,4
5,2
-1,0
1,0
-1,0
5,2
5,2
7
-7
7
1,4
4,1
