m1=
1,2,3
4,5,6
m2=
1,2,3
4,5,6
m3=
0,0
0,0
0,0
m5=
1,2
3,4
5,6
m4=
1,-2
-3,4
m6=
-1
2
1,2,3,1,-2,1,-2
4,5,6,-3,4,-3,4
0,0
0,0
-23,34
-39,58
-55,82
2,4,6
8,10,12
0,0,0
0,0,0
1,4
2,5
3,6
7,-10
-15,22
37,-54
-81,118
947,-1410
-1894,2820
-250,-610
430,1060
947,-1410
-1894,2820
-250,-610
430,1060
1,2,3,1,-2,1,-2
4,5,6,-3,4,-3,4
0,0
0,0
-23,34
-39,58
-55,82
2,4,6
8,10,12
0,0,0
0,0,0
1,4
2,5
3,6
7,-10
-15,22
37,-54
-81,118
