d=
4
x=
-5
y=
5
z=
4
64
0
12
-3
4
-17
-19
-17
-19
64
0
12
-3
4
18
-3
