ArgumentTypeMismatch with operation -. left argument TypeInt and right argument TypeMatrix
