ArgumentSizeMismatch with operation ^. left argument size 2 and right argument size 1
