x=
0
ArgumentTypeMismatch with operation ::. left argument TypeMatrix and right argument TypeInt
