ArgumentSizeMismatch with operation ::. left argument size 1 and right argument size 2
