x=
0
ArgumentTypeMismatch with operation ::. left argument TypeInt and right argument TypeMatrix
