ArgumentTypeMismatch with operation +. left argument TypeMatrix and right argument TypeInt
