ArgumentSizeMismatch with operation *. left argument size 3 and right argument size 2
