m=
0,0
0,0
IndexOutOfBounds in var m with index 2
