-- end scope --
var:z:2:FAHRENHEIT
-- end scope --
var:x:0:FAHRENHEIT
var:y:1:FAHRENHEIT
var:w:2:FAHRENHEIT
