-- end scope --
-- end scope --
var:y:3:FAHRENHEIT
-- end scope --
var:z:2:FAHRENHEIT
line 14: lexical error
