-- end scope --
-- end scope --
var:i:0:FAHRENHEIT
var:done:1:FAHRENHEIT
