-- end scope --
var:d:1:CELSIUS
-- end scope --
var:x:0:CELSIUS
