m1=
1,2,3
4,5,6
7,8,9
m2=
1,2,3
4,5,6
ArgumentSizeMismatch with operation +. left argument size 3 and right argument size 2
