a=
0
b=
5
c=
0,0,0
0,0,0
d=
0,0,0
0,0,0
e=
1,2,3
4,5,6
1,2,3
4,5,6
f=
0
g=
5
ScalarExpected
