a=
2
b=
5
-1
5
-8
6
5
5
-3
7
-3
-2
2
-2
m1=
1,2,3
4,5,6
7,8,9
m2=
3,3,3
2,2,2
1,1,1
m3=
1,2
4,5
7,8
m4=
3
6
9
-1,1,3
6,8,10
13,15,17
3,3,3
2,2,2
1,1,1
4,5,6
6,7,8
8,9,10
-9,-8,-7
-24,-23,-22
-39,-38,-37
11,12,13
32,33,34
53,54,55
10,10,10,42
28,28,28,96
46,46,46,150
37,46
85,106
133,166
-2,-1,0
2,3,4
6,7,8
4,5,6
6,7,8
8,9,10
-2,-1,0
2,3,4
6,7,8
-10,-10,-10
-28,-28,-28
-46,-46,-46
10,10,10
28,28,28
46,46,46
-10,-10,-10
-28,-28,-28
-46,-46,-46
-467,-574,-681
-1058,-1300,-1542
-1649,-2026,-2403
30,66,102
36,81,126
42,96,150
-325,-728,-1131
-210,-478,-746
-95,-228,-361
