m=
1,2,3
4,5,6
ArgumentTypeMismatch with operation +. left argument TypeMatrix and right argument TypeInt
