m_square=
1,2,3
4,5,6
7,8,9
m=
1,2,3
4,5,6
1
2
3
4
5
6
7
8
9
1,4
2,5
3,6
1,4,7
2,5,8
3,6,9
I=
1,0,0
0,1,0
0,0,1
2,2,3
4,6,6
7,8,10
0,2,3
4,4,6
7,8,8
1,2,3,1,0,0
4,5,6,0,1,0
7,8,9,0,0,1
1,2,3,1,4
4,5,6,2,5
7,8,9,3,6
1,2,3
4,5,6
7,8,9
30,36,42
66,81,96
102,126,150
14,32
32,77
-1,-2,-3
-4,-5,-6
a=
3
3,6,9
12,15,18
3,6,9
12,15,18
-1,-2,-3
-4,-5,-6
-1,-2,-3
-4,-5,-6
0,0,0
0,0,0
468,576,684
1062,1305,1548
1656,2034,2412
